2026-08-28 16:51:19,062 [INFO] Global seed set to 703598092
2026-08-28 16:51:19,063 [INFO] Model type: tcn | Device: cuda
2026-08-28 16:51:19,551 [INFO] Split train (train_label): Total=73908, Pos=1590, Neg=72318
2026-08-28 16:51:19,561 [INFO] Split train (split_label): Total=73908, Pos=10200, Neg=63708
2026-08-28 16:51:19,687 [INFO] Split val (train_label): Total=16621, Pos=687, Neg=15934
2026-08-28 16:51:19,689 [INFO] Split val (split_label): Total=16621, Pos=1373, Neg=15248
2026-08-28 16:51:19,794 [INFO] Split test (train_label): Total=15296, Pos=678, Neg=14618
2026-08-28 16:51:19,795 [INFO] Split test (split_label): Total=15296, Pos=1361, Neg=13935
2026-08-28 16:51:19,795 [INFO] Building model type 'tcn'
2026-08-28 16:51:19,919 [INFO] PU prior: pool pi=0.1200 -> unlabeled pi=0.1007 (|P|=1590, |U|=72318)
2026-08-28 16:51:19,919 [INFO] Using nnPU loss with class prior π=0.101 (Positive-Unlabeled learning mode)
2026-08-28 16:51:20,455 [INFO] Starting training for 15 epochs on cuda...
2026-08-28 16:53:57,151 [INFO] Epoch 1/15 | Train Loss: 0.1827 | Val Loss: 0.0670 | Val Acc: 0.9575 | Val F1: 0.3221 | LR: 1.00e-04 | No-improve: 0/7
2026-08-28 16:56:31,689 [INFO] Epoch 2/15 | Train Loss: 0.0522 | Val Loss: 0.0840 | Val Acc: 0.9579 | Val F1: 0.4312 | LR: 1.00e-04 | No-improve: 0/7
2026-08-28 16:59:06,183 [INFO] Epoch 3/15 | Train Loss: 0.0397 | Val Loss: 0.0729 | Val Acc: 0.9581 | Val F1: 0.3638 | LR: 1.00e-04 | No-improve: 0/7
2026-08-28 17:01:40,612 [INFO] Epoch 4/15 | Train Loss: 0.0385 | Val Loss: 0.0751 | Val Acc: 0.9593 | Val F1: 0.3056 | LR: 1.00e-04 | No-improve: 1/7
2026-08-28 17:04:15,227 [INFO] Epoch 5/15 | Train Loss: 0.0399 | Val Loss: 0.1768 | Val Acc: 0.9475 | Val F1: 0.5204 | LR: 1.00e-04 | No-improve: 2/7
2026-08-28 17:06:49,670 [INFO] Epoch 6/15 | Train Loss: 0.0352 | Val Loss: 0.1065 | Val Acc: 0.9582 | Val F1: 0.3196 | LR: 1.00e-04 | No-improve: 0/7
2026-08-28 17:09:24,545 [INFO] Epoch 7/15 | Train Loss: 0.0290 | Val Loss: 0.1460 | Val Acc: 0.9523 | Val F1: 0.3433 | LR: 1.00e-04 | No-improve: 1/7
2026-08-28 17:11:58,605 [INFO] Epoch 8/15 | Train Loss: 0.0294 | Val Loss: 0.1380 | Val Acc: 0.9533 | Val F1: 0.2968 | LR: 1.00e-04 | No-improve: 2/7
2026-08-28 17:14:32,431 [INFO] Epoch 9/15 | Train Loss: 0.0280 | Val Loss: 0.1375 | Val Acc: 0.9539 | Val F1: 0.2983 | LR: 1.00e-04 | No-improve: 3/7
2026-08-28 17:17:06,263 [INFO] Epoch 10/15 | Train Loss: 0.0255 | Val Loss: 0.1655 | Val Acc: 0.9529 | Val F1: 0.3040 | LR: 1.00e-04 | No-improve: 4/7
2026-08-28 17:19:40,521 [INFO] Epoch 11/15 | Train Loss: 0.0216 | Val Loss: 0.1700 | Val Acc: 0.9536 | Val F1: 0.2995 | LR: 1.00e-04 | No-improve: 5/7
2026-08-28 17:22:14,855 [INFO] Epoch 12/15 | Train Loss: 0.0232 | Val Loss: 0.1555 | Val Acc: 0.9576 | Val F1: 0.2957 | LR: 1.00e-04 | No-improve: 6/7
2026-08-28 17:24:49,724 [INFO] Epoch 13/15 | Train Loss: 0.0225 | Val Loss: 0.1737 | Val Acc: 0.9534 | Val F1: 0.2948 | LR: 1.00e-04 | No-improve: 7/7
2026-08-28 17:24:49,724 [INFO] Early stopping triggered: no improvement for 7 epochs.
2026-08-28 17:24:49,735 [INFO] Best model saved with f1=0.5204
2026-08-28 17:24:55,251 [INFO] Test Metrics:
2026-08-28 17:24:55,251 [INFO]   accuracy: 0.9161
2026-08-28 17:24:55,251 [INFO]   precision: 0.2993
2026-08-28 17:24:55,251 [INFO]   recall: 0.6652
2026-08-28 17:24:55,251 [INFO]   f1: 0.4128
2026-08-28 17:24:55,251 [INFO]   loss: 0.2258
2026-08-28 17:25:02,338 [INFO] Saved 16621 val samples to artifacts/article_1/runs/mutation-set/baseline_tcn_pu/val_samples.json
2026-08-28 17:25:08,801 [INFO] Saved 15296 test samples to artifacts/article_1/runs/mutation-set/baseline_tcn_pu/test_samples.json
