2026-06-27 17:40:25,824 [INFO] Global seed set to 137744799
2026-06-27 17:40:25,824 [INFO] Model type: tcn_2way | Device: cuda
2026-06-27 17:40:26,305 [INFO] Train P (alerted=1): 3609, Train U (alerted=0): 49126
2026-06-27 17:40:26,305 [INFO] Val: 10546, Test: 7033
2026-06-27 17:40:26,305 [INFO] Building model type 'tcn_2way'
2026-06-27 17:40:26,313 [INFO] Model parameters: 817,986
2026-06-27 17:40:26,446 [INFO] Loaded pretrained checkpoint from artifacts/pretrain/epoch29.pt
2026-06-27 17:40:29,483 [INFO] Skipping Stage 1; loaded pretrained weights.
2026-06-27 17:40:29,483 [INFO] == Stage 2: nnPU training (7 epochs, π=0.250) ==
2026-06-27 17:40:29,483 [INFO] Stage-2 trainability: mode=head_last_block | 1 group(s) lrs=['1.00e-04'] | trainable=303,874 params | frozen=514,112 params
2026-06-27 17:40:42,809 [INFO] [nnPU epoch 0] loss=2.2365 pr_auc=0.5159 bestF1=0.5619 fn_recall=0.6869 thr=0.486 lr=1.00e-04
2026-06-27 17:40:55,380 [INFO] [nnPU epoch 1] loss=1.5217 pr_auc=0.6503 bestF1=0.6326 fn_recall=0.6761 thr=0.441 lr=1.00e-04
2026-06-27 17:41:07,917 [INFO] [nnPU epoch 2] loss=1.0480 pr_auc=0.7137 bestF1=0.6522 fn_recall=0.9046 thr=0.307 lr=1.00e-04
2026-06-27 17:41:20,713 [INFO] [nnPU epoch 3] loss=0.7644 pr_auc=0.7248 bestF1=0.6506 fn_recall=0.7786 thr=0.264 lr=1.00e-04
2026-06-27 17:41:33,300 [INFO] [nnPU epoch 4] loss=0.5743 pr_auc=0.7182 bestF1=0.6495 fn_recall=0.7981 thr=0.154 lr=1.00e-04
2026-06-27 17:41:46,240 [INFO] [nnPU epoch 5] loss=0.4247 pr_auc=0.7041 bestF1=0.6504 fn_recall=0.8080 thr=0.107 lr=1.00e-04
2026-06-27 17:41:58,990 [INFO] [nnPU epoch 6] loss=0.3701 pr_auc=0.6934 bestF1=0.6519 fn_recall=0.8351 thr=0.073 lr=1.00e-04
2026-06-27 17:41:58,990 [INFO] Best checkpoint: pr_auc=0.7248
2026-06-27 17:42:02,602 [INFO] PriorCorrection: pi_train=0.1000 pi_target=0.3721 shift=1.6739
2026-06-27 17:42:02,603 [INFO]   prior_correction log-loss: 0.74719
2026-06-27 17:42:02,607 [INFO] Platt scaling: a=1.3055 b=0.3851
2026-06-27 17:42:02,607 [INFO]   platt log-loss: 0.52396
2026-06-27 17:42:02,701 [INFO] Isotonic calibration: 33 knots, range [0.0598, 1.0000]
2026-06-27 17:42:02,702 [INFO]   isotonic log-loss: 0.49841
2026-06-27 17:42:02,702 [INFO] Selected calibrator: isotonic (log-loss=0.49841)
2026-06-27 17:42:05,108 [INFO] Test Metrics (calibrated, threshold=0.5):
2026-06-27 17:42:05,108 [INFO]   threshold: 0.5000
2026-06-27 17:42:05,108 [INFO]   f1: 0.6000
2026-06-27 17:42:05,108 [INFO]   precision: 0.7523
2026-06-27 17:42:05,108 [INFO]   recall: 0.4990
2026-06-27 17:42:05,108 [INFO]   pr_auc: 0.7182
2026-06-27 17:42:05,108 [INFO]   best_f1_sweep: 0.6437
2026-06-27 17:42:05,108 [INFO]   best_threshold_sweep: 0.2444
2026-06-27 17:42:05,108 [INFO]   calibrator: isotonic
2026-06-27 17:42:05,108 [INFO]   val_threshold_raw: 0.2639
2026-06-27 17:42:09,795 [INFO] Saved 10546 val samples to artifacts/runs/phase3_trainability/head_last_block_ep7/val_samples.json
2026-06-27 17:42:09,795 [INFO] Saved 10546 val samples to artifacts/runs/phase3_trainability/head_last_block_ep7/val_samples.json
2026-06-27 17:42:12,935 [INFO] Saved 7033 test samples to artifacts/runs/phase3_trainability/head_last_block_ep7/test_samples.json
2026-06-27 17:42:12,935 [INFO] Saved 7033 test samples to artifacts/runs/phase3_trainability/head_last_block_ep7/test_samples.json
