2026-09-01 16:03:34,779 [INFO] Global seed set to 137744799
2026-09-01 16:03:34,779 [INFO] Model type: tcn_2way | Device: cuda
2026-09-01 16:03:34,779 [WARNING] Stage-2 mode 'head_last_block' freezes an untrained backbone; continuing because allow_random_frozen_backbone=true.
2026-09-01 16:03:36,423 [INFO] Train P (alerted=1): 1590, Train U (alerted=0): 72318
2026-09-01 16:03:36,423 [INFO] Val: 16621, Test: 15296
2026-09-01 16:03:36,424 [INFO] Building model type 'tcn_2way'
2026-09-01 16:03:36,433 [INFO] Model parameters: 817,986
2026-09-01 16:03:37,055 [INFO] Pretrain train (all): 73908 records (alerted=1: 1590, is_attack=1: 10200)
2026-09-01 16:03:37,055 [INFO] == Stage 1: contrastive pretraining (0 epochs) ==
2026-09-01 16:03:37,671 [INFO] == Stage 2: nnPU training (7 epochs, π=0.120) ==
2026-09-01 16:03:37,671 [INFO] PU prior: pool pi=0.1200 -> unlabeled pi=0.1007 (|P|=1590, |U|=72318); nnPU requires the prior inside U
2026-09-01 16:03:37,672 [INFO] Stage-2 trainability: mode=head_last_block | 1 group(s) lrs=['1.00e-04'] | trainable=303,874 params | frozen=514,112 params
2026-09-01 16:03:37,672 [INFO] Positive exposure [nnPU]: ~61184 positive samples/epoch = 38.48 pass(es) over |P|=1590
2026-09-01 16:06:24,488 [INFO] [nnPU epoch 0] steps=239 loss=1.1007 pr_auc=0.7300 bestF1=0.6706 fn_recall=0.8061 thr=0.241 lr=1.00e-04 defit=12%
2026-09-01 16:09:10,018 [INFO] [nnPU epoch 1] steps=239 loss=0.6668 pr_auc=0.7589 bestF1=0.7128 fn_recall=0.8265 thr=0.377 lr=1.00e-04 defit=51%
2026-09-01 16:11:55,728 [INFO] [nnPU epoch 2] steps=239 loss=0.5993 pr_auc=0.7515 bestF1=0.7341 fn_recall=0.8542 thr=0.409 lr=1.00e-04 defit=50%
2026-09-01 16:14:41,521 [INFO] [nnPU epoch 3] steps=239 loss=0.5612 pr_auc=0.8090 bestF1=0.7617 fn_recall=0.8294 thr=0.374 lr=1.00e-04 defit=50%
2026-09-01 16:17:27,599 [INFO] [nnPU epoch 4] steps=239 loss=0.5362 pr_auc=0.8225 bestF1=0.7655 fn_recall=0.8630 thr=0.346 lr=1.00e-04 defit=50%
2026-09-01 16:20:13,632 [INFO] [nnPU epoch 5] steps=239 loss=0.5165 pr_auc=0.8116 bestF1=0.7533 fn_recall=0.8469 thr=0.336 lr=1.00e-04 defit=51%
2026-09-01 16:22:59,480 [INFO] [nnPU epoch 6] steps=239 loss=0.5033 pr_auc=0.8255 bestF1=0.7460 fn_recall=0.8469 thr=0.348 lr=1.00e-04 defit=49%
2026-09-01 16:22:59,492 [INFO] Best checkpoint: pr_auc=0.8255
2026-09-01 16:23:05,391 [INFO] PriorCorrection: pi_train=0.1007 pi_target=0.0826 shift=-0.2175
2026-09-01 16:23:05,392 [INFO]   prior_correction log-loss: 0.17489
2026-09-01 16:23:05,401 [INFO] Platt scaling: a=3.9984 b=1.9012
2026-09-01 16:23:05,401 [INFO]   platt log-loss: 0.09736
2026-09-01 16:23:05,602 [INFO] Isotonic calibration: 35 knots, range [0.0000, 1.0000]
2026-09-01 16:23:05,603 [INFO]   isotonic log-loss: 0.09675
2026-09-01 16:23:05,603 [INFO] Selected calibrator: isotonic (log-loss=0.09675)
2026-09-01 16:23:11,042 [INFO] Test Metrics (calibrated, threshold=0.5):
2026-09-01 16:23:11,043 [INFO]   threshold: 0.5000
2026-09-01 16:23:11,043 [INFO]   f1: 0.7193
2026-09-01 16:23:11,043 [INFO]   precision: 0.6489
2026-09-01 16:23:11,043 [INFO]   recall: 0.8068
2026-09-01 16:23:11,043 [INFO]   average_precision: 0.7791
2026-09-01 16:23:11,043 [INFO]   pr_auc: 0.7791
2026-09-01 16:23:11,043 [INFO]   selection_policy: validation-selected checkpoint and calibrator; fixed calibrated threshold=0.5
2026-09-01 16:23:11,043 [INFO]   oracle_diagnostics: {'test_best_f1': 0.7219998836517334, 'test_best_threshold': 0.3811482787132263, 'test_precision_at_best_f1': 0.6607687473297119, 'test_recall_at_best_f1': 0.7957383990287781}
2026-09-01 16:23:11,043 [INFO]   calibrator: isotonic
2026-09-01 16:23:11,043 [INFO]   val_threshold_raw: 0.3479
2026-09-01 16:23:18,832 [INFO] Saved 16621 val samples to artifacts/article_1/runs/mutation-set/scratch_headlast_pu/val_samples.json
2026-09-01 16:23:18,832 [INFO] Saved 16621 val samples to artifacts/article_1/runs/mutation-set/scratch_headlast_pu/val_samples.json
2026-09-01 16:23:26,048 [INFO] Saved 15296 test samples to artifacts/article_1/runs/mutation-set/scratch_headlast_pu/test_samples.json
2026-09-01 16:23:26,048 [INFO] Saved 15296 test samples to artifacts/article_1/runs/mutation-set/scratch_headlast_pu/test_samples.json
