2026-08-25 14:31:30,753 [INFO] Global seed set to 1547565955
2026-08-25 14:31:30,753 [INFO] Model type: tcn_2way | Device: cuda
2026-08-25 14:31:30,753 [WARNING] Stage-2 mode 'head_last_block' freezes an untrained backbone; continuing because allow_random_frozen_backbone=true.
2026-08-25 14:31:31,481 [INFO] Train P (alerted=1): 1967, Train U (alerted=0): 70147
2026-08-25 14:31:31,481 [INFO] Val: 16458, Test: 17253
2026-08-25 14:31:31,482 [INFO] Building model type 'tcn_2way'
2026-08-25 14:31:31,490 [INFO] Model parameters: 817,986
2026-08-25 14:31:32,066 [INFO] Pretrain train (all): 72114 records (alerted=1: 1967, is_attack=1: 8756)
2026-08-25 14:31:32,066 [INFO] == Stage 1: contrastive pretraining (0 epochs) ==
2026-08-25 14:31:32,647 [INFO] == Stage 2: nnPU training (7 epochs, π=0.120) ==
2026-08-25 14:31:32,647 [INFO] PU prior: pool pi=0.1200 -> unlabeled pi=0.0953 (|P|=1967, |U|=70147); nnPU requires the prior inside U
2026-08-25 14:31:32,648 [INFO] Stage-2 trainability: mode=head_last_block | 1 group(s) lrs=['1.00e-04'] | trainable=303,874 params | frozen=514,112 params
2026-08-25 14:31:32,648 [INFO] Positive exposure [nnPU]: ~61184 positive samples/epoch = 31.11 pass(es) over |P|=1967
2026-08-25 14:34:21,255 [INFO] [nnPU epoch 0] steps=239 loss=1.1284 pr_auc=0.8832 bestF1=0.8081 fn_recall=0.7014 thr=0.459 lr=1.00e-04 defit=3%
2026-08-25 14:37:08,579 [INFO] [nnPU epoch 1] steps=239 loss=0.6668 pr_auc=0.9063 bestF1=0.8293 fn_recall=0.7418 thr=0.285 lr=1.00e-04 defit=45%
2026-08-25 14:39:55,985 [INFO] [nnPU epoch 2] steps=239 loss=0.5909 pr_auc=0.9107 bestF1=0.8501 fn_recall=0.7983 thr=0.368 lr=1.00e-04 defit=49%
2026-08-25 14:42:43,530 [INFO] [nnPU epoch 3] steps=239 loss=0.5499 pr_auc=0.9093 bestF1=0.8491 fn_recall=0.8231 thr=0.336 lr=1.00e-04 defit=49%
2026-08-25 14:45:31,184 [INFO] [nnPU epoch 4] steps=239 loss=0.5287 pr_auc=0.8922 bestF1=0.8345 fn_recall=0.8433 thr=0.395 lr=1.00e-04 defit=51%
2026-08-25 14:48:18,603 [INFO] [nnPU epoch 5] steps=239 loss=0.5139 pr_auc=0.8996 bestF1=0.8357 fn_recall=0.8426 thr=0.387 lr=1.00e-04 defit=50%
2026-08-25 14:51:05,942 [INFO] [nnPU epoch 6] steps=239 loss=0.5027 pr_auc=0.8939 bestF1=0.8287 fn_recall=0.8285 thr=0.382 lr=1.00e-04 defit=50%
2026-08-25 14:51:05,942 [INFO] Best checkpoint: pr_auc=0.9107
2026-08-25 14:51:11,528 [INFO] PriorCorrection: pi_train=0.0953 pi_target=0.1184 shift=0.2428
2026-08-25 14:51:11,529 [INFO]   prior_correction log-loss: 0.13486
2026-08-25 14:51:11,535 [INFO] Platt scaling: a=2.2994 b=0.9468
2026-08-25 14:51:11,535 [INFO]   platt log-loss: 0.09481
2026-08-25 14:51:11,722 [INFO] Isotonic calibration: 32 knots, range [0.0000, 1.0000]
2026-08-25 14:51:11,723 [INFO]   isotonic log-loss: 0.09264
2026-08-25 14:51:11,723 [INFO] Selected calibrator: isotonic (log-loss=0.09264)
2026-08-25 14:51:17,556 [INFO] Test Metrics (calibrated, threshold=0.5):
2026-08-25 14:51:17,556 [INFO]   threshold: 0.5000
2026-08-25 14:51:17,556 [INFO]   f1: 0.7910
2026-08-25 14:51:17,556 [INFO]   precision: 0.7589
2026-08-25 14:51:17,556 [INFO]   recall: 0.8259
2026-08-25 14:51:17,556 [INFO]   average_precision: 0.9147
2026-08-25 14:51:17,556 [INFO]   pr_auc: 0.9147
2026-08-25 14:51:17,556 [INFO]   selection_policy: validation-selected checkpoint and calibrator; fixed calibrated threshold=0.5
2026-08-25 14:51:17,556 [INFO]   oracle_diagnostics: {'test_best_f1': 0.8020833134651184, 'test_best_threshold': 0.437165766954422, 'test_precision_at_best_f1': 0.8491228222846985, 'test_recall_at_best_f1': 0.7599820494651794}
2026-08-25 14:51:17,556 [INFO]   calibrator: isotonic
2026-08-25 14:51:17,556 [INFO]   val_threshold_raw: 0.3678
2026-08-25 14:51:25,131 [INFO] Saved 16458 val samples to artifacts/article_1/runs/new-set/scratch_headlast_pu/val_samples.json
2026-08-25 14:51:25,131 [INFO] Saved 16458 val samples to artifacts/article_1/runs/new-set/scratch_headlast_pu/val_samples.json
2026-08-25 14:51:33,041 [INFO] Saved 17253 test samples to artifacts/article_1/runs/new-set/scratch_headlast_pu/test_samples.json
2026-08-25 14:51:33,042 [INFO] Saved 17253 test samples to artifacts/article_1/runs/new-set/scratch_headlast_pu/test_samples.json
