2026-06-27 17:54:27,527 [INFO] Global seed set to 137744799
2026-06-27 17:54:27,528 [INFO] Model type: tcn_2way | Device: cuda
2026-06-27 17:54:28,018 [INFO] Train P (alerted=1): 3609, Train U (alerted=0): 49126
2026-06-27 17:54:28,018 [INFO] Val: 10546, Test: 7033
2026-06-27 17:54:28,019 [INFO] Building model type 'tcn_2way'
2026-06-27 17:54:28,026 [INFO] Model parameters: 817,986
2026-06-27 17:54:28,155 [INFO] Loaded pretrained checkpoint from artifacts/pretrain/epoch29.pt
2026-06-27 17:54:31,209 [INFO] Skipping Stage 1; loaded pretrained weights.
2026-06-27 17:54:31,209 [INFO] == Stage 2: nnPU training (7 epochs, π=0.250) ==
2026-06-27 17:54:31,210 [INFO] Stage-2 trainability: mode=full | 1 group(s) lrs=['1.00e-04'] | trainable=817,986 params | frozen=0 params
2026-06-27 17:56:43,953 [INFO] [nnPU epoch 0] loss=1.7594 pr_auc=0.6278 bestF1=0.5882 fn_recall=0.6459 thr=0.436 lr=1.00e-04
2026-06-27 17:57:15,661 [INFO] [nnPU epoch 1] loss=1.2777 pr_auc=0.6467 bestF1=0.6460 fn_recall=0.9383 thr=0.280 lr=1.00e-04
2026-06-27 17:57:47,450 [INFO] [nnPU epoch 2] loss=1.0363 pr_auc=0.6502 bestF1=0.6652 fn_recall=0.9383 thr=0.168 lr=1.00e-04
2026-06-27 17:58:19,181 [INFO] [nnPU epoch 3] loss=0.8006 pr_auc=0.6536 bestF1=0.6621 fn_recall=0.9336 thr=0.117 lr=1.00e-04
2026-06-27 17:58:51,063 [INFO] [nnPU epoch 4] loss=0.6926 pr_auc=0.6677 bestF1=0.6534 fn_recall=0.8953 thr=0.138 lr=1.00e-04
2026-06-27 17:59:22,952 [INFO] [nnPU epoch 5] loss=0.6515 pr_auc=0.6643 bestF1=0.6528 fn_recall=0.8966 thr=0.146 lr=1.00e-04
2026-06-27 17:59:54,932 [INFO] [nnPU epoch 6] loss=0.6314 pr_auc=0.6651 bestF1=0.6464 fn_recall=0.8861 thr=0.170 lr=1.00e-04
2026-06-27 17:59:54,932 [INFO] Best checkpoint: pr_auc=0.6677
2026-06-27 17:59:58,581 [INFO] PriorCorrection: pi_train=0.1000 pi_target=0.3721 shift=1.6739
2026-06-27 17:59:58,581 [INFO]   prior_correction log-loss: 0.77400
2026-06-27 17:59:58,586 [INFO] Platt scaling: a=0.5558 b=-0.1825
2026-06-27 17:59:58,586 [INFO]   platt log-loss: 0.54311
2026-06-27 17:59:58,682 [INFO] Isotonic calibration: 20 knots, range [0.0541, 0.8665]
2026-06-27 17:59:58,683 [INFO]   isotonic log-loss: 0.51719
2026-06-27 17:59:58,683 [INFO] Selected calibrator: isotonic (log-loss=0.51719)
2026-06-27 18:00:01,078 [INFO] Test Metrics (calibrated, threshold=0.5):
2026-06-27 18:00:01,078 [INFO]   threshold: 0.5000
2026-06-27 18:00:01,078 [INFO]   f1: 0.5318
2026-06-27 18:00:01,078 [INFO]   precision: 0.6999
2026-06-27 18:00:01,078 [INFO]   recall: 0.4287
2026-06-27 18:00:01,078 [INFO]   pr_auc: 0.6655
2026-06-27 18:00:01,078 [INFO]   best_f1_sweep: 0.6466
2026-06-27 18:00:01,078 [INFO]   best_threshold_sweep: 0.1441
2026-06-27 18:00:01,078 [INFO]   calibrator: isotonic
2026-06-27 18:00:01,078 [INFO]   val_threshold_raw: 0.1379
2026-06-27 18:00:05,790 [INFO] Saved 10546 val samples to artifacts/runs/phase3_trainability/full_ssl_up_ep7/val_samples.json
2026-06-27 18:00:05,790 [INFO] Saved 10546 val samples to artifacts/runs/phase3_trainability/full_ssl_up_ep7/val_samples.json
2026-06-27 18:00:08,967 [INFO] Saved 7033 test samples to artifacts/runs/phase3_trainability/full_ssl_up_ep7/test_samples.json
2026-06-27 18:00:08,967 [INFO] Saved 7033 test samples to artifacts/runs/phase3_trainability/full_ssl_up_ep7/test_samples.json
