2026-08-18 17:56:27,114 [INFO] Global seed set to 137744799
2026-08-18 17:56:27,114 [INFO] Model type: tcn_2way | Device: cuda
2026-08-18 17:56:27,911 [INFO] Train P (alerted=1): 2114, Train U (alerted=0): 65189
2026-08-18 17:56:27,911 [INFO] Val: 18103, Test: 18000
2026-08-18 17:56:27,912 [INFO] Building model type 'tcn_2way'
2026-08-18 17:56:27,921 [INFO] Model parameters: 817,986
2026-08-18 17:56:28,050 [INFO] == Stage 1: contrastive pretraining (0 epochs) ==
2026-08-18 17:56:28,649 [INFO] == Stage 2: nnPU training (7 epochs, π=0.120) ==
2026-08-18 17:56:28,649 [INFO] Stage-2 trainability: mode=full | 1 group(s) lrs=['1.00e-04'] | trainable=817,986 params | frozen=0 params
2026-08-18 18:04:16,602 [INFO] [nnPU epoch 0] steps=239 loss=0.8785 pr_auc=0.8237 bestF1=0.7855 fn_recall=0.8142 thr=0.854 lr=1.00e-04
2026-08-18 18:12:03,573 [INFO] [nnPU epoch 1] steps=239 loss=0.5354 pr_auc=0.9275 bestF1=0.8203 fn_recall=0.7037 thr=0.986 lr=1.00e-04
2026-08-18 18:19:51,197 [INFO] [nnPU epoch 2] steps=239 loss=0.4878 pr_auc=0.8857 bestF1=0.7834 fn_recall=0.8022 thr=0.891 lr=1.00e-04
2026-08-18 18:27:38,918 [INFO] [nnPU epoch 3] steps=239 loss=0.4288 pr_auc=0.8622 bestF1=0.7823 fn_recall=0.7996 thr=0.982 lr=1.00e-04
2026-08-18 18:35:25,903 [INFO] [nnPU epoch 4] steps=239 loss=0.3975 pr_auc=0.8626 bestF1=0.7864 fn_recall=0.8466 thr=0.945 lr=1.00e-04
2026-08-18 18:43:12,521 [INFO] [nnPU epoch 5] steps=239 loss=0.3773 pr_auc=0.8597 bestF1=0.7798 fn_recall=0.7996 thr=0.915 lr=1.00e-04
2026-08-18 18:51:00,260 [INFO] [nnPU epoch 6] steps=239 loss=0.3658 pr_auc=0.8531 bestF1=0.7848 fn_recall=0.8228 thr=0.983 lr=1.00e-04
2026-08-18 18:51:00,260 [INFO] Best checkpoint: pr_auc=0.9275
2026-08-18 18:51:06,477 [INFO] PriorCorrection: pi_train=0.1000 pi_target=0.1066 shift=0.0714
2026-08-18 18:51:06,478 [INFO]   prior_correction log-loss: 0.59260
2026-08-18 18:51:06,489 [INFO] Platt scaling: a=1.3424 b=-5.2612
2026-08-18 18:51:06,489 [INFO]   platt log-loss: 0.08284
2026-08-18 18:51:06,688 [INFO] Isotonic calibration: 34 knots, range [0.0000, 1.0000]
2026-08-18 18:51:06,689 [INFO]   isotonic log-loss: 0.07881
2026-08-18 18:51:06,689 [INFO] Selected calibrator: isotonic (log-loss=0.07881)
2026-08-18 18:51:12,847 [INFO] Test Metrics (calibrated, threshold=0.5):
2026-08-18 18:51:12,847 [INFO]   threshold: 0.5000
2026-08-18 18:51:12,847 [INFO]   f1: 0.7276
2026-08-18 18:51:12,847 [INFO]   precision: 0.8635
2026-08-18 18:51:12,847 [INFO]   recall: 0.6286
2026-08-18 18:51:12,847 [INFO]   average_precision: 0.8416
2026-08-18 18:51:12,847 [INFO]   pr_auc: 0.8416
2026-08-18 18:51:12,847 [INFO]   selection_policy: validation-selected checkpoint and calibrator; fixed calibrated threshold=0.5
2026-08-18 18:51:12,847 [INFO]   oracle_diagnostics: {'test_best_f1': 0.753606379032135, 'test_best_threshold': 0.9780464768409729, 'test_precision_at_best_f1': 0.7659823894500732, 'test_recall_at_best_f1': 0.7416240572929382}
2026-08-18 18:51:12,847 [INFO]   calibrator: isotonic
2026-08-18 18:51:12,847 [INFO]   val_threshold_raw: 0.9864
2026-08-18 18:51:20,919 [INFO] Saved 18103 val samples to artifacts/article_1/runs/w_alert_0_0/scratch_full_pu/val_samples.json
2026-08-18 18:51:20,919 [INFO] Saved 18103 val samples to artifacts/article_1/runs/w_alert_0_0/scratch_full_pu/val_samples.json
2026-08-18 18:51:28,926 [INFO] Saved 18000 test samples to artifacts/article_1/runs/w_alert_0_0/scratch_full_pu/test_samples.json
2026-08-18 18:51:28,926 [INFO] Saved 18000 test samples to artifacts/article_1/runs/w_alert_0_0/scratch_full_pu/test_samples.json
