2026-08-15 14:13:55,326 [INFO] Global seed set to 137744799
2026-08-15 14:13:55,327 [INFO] Model type: tcn_2way | Device: cuda
2026-08-15 14:13:56,084 [INFO] Train P (alerted=1): 2110, Train U (alerted=0): 59022
2026-08-15 14:13:56,084 [INFO] Val: 17498, Test: 17420
2026-08-15 14:13:56,085 [INFO] Building model type 'tcn_2way'
2026-08-15 14:13:56,095 [INFO] Model parameters: 817,986
2026-08-15 14:13:56,209 [INFO] == Stage 1: contrastive pretraining (0 epochs) ==
2026-08-15 14:13:57,180 [INFO] Supervised train (all): 61132 records (alerted=1: 2110, is_attack=1: 9031)
2026-08-15 14:13:57,181 [INFO] == Stage 2: supervised BCE training (8 epochs, target=is_attack) ==
2026-08-15 14:13:57,182 [INFO] Stage-2 trainability: mode=head_last_block | 1 group(s) lrs=['1.00e-04'] | trainable=303,874 params | frozen=514,112 params
2026-08-15 14:14:48,042 [INFO] [supervised epoch 0] loss=0.3137 pr_auc=0.8828 bestF1=0.8253 fn_recall=0.7180 thr=0.782 lr=1.00e-04
2026-08-15 14:15:37,591 [INFO] [supervised epoch 1] loss=0.0578 pr_auc=0.9209 bestF1=0.8535 fn_recall=0.7609 thr=0.705 lr=1.00e-04
2026-08-15 14:16:26,592 [INFO] [supervised epoch 2] loss=0.0302 pr_auc=0.9536 bestF1=0.9027 fn_recall=0.8200 thr=0.857 lr=1.00e-04
2026-08-15 14:17:15,672 [INFO] [supervised epoch 3] loss=0.0221 pr_auc=0.9614 bestF1=0.9114 fn_recall=0.8389 thr=0.938 lr=1.00e-04
2026-08-15 14:18:04,808 [INFO] [supervised epoch 4] loss=0.0170 pr_auc=0.9721 bestF1=0.9292 fn_recall=0.8648 thr=0.921 lr=1.00e-04
2026-08-15 14:18:53,895 [INFO] [supervised epoch 5] loss=0.0132 pr_auc=0.9760 bestF1=0.9372 fn_recall=0.8804 thr=0.942 lr=1.00e-04
2026-08-15 14:19:43,111 [INFO] [supervised epoch 6] loss=0.0109 pr_auc=0.9797 bestF1=0.9456 fn_recall=0.8947 thr=0.930 lr=1.00e-04
2026-08-15 14:20:32,209 [INFO] [supervised epoch 7] loss=0.0099 pr_auc=0.9838 bestF1=0.9542 fn_recall=0.9103 thr=0.972 lr=1.00e-04
2026-08-15 14:20:32,220 [INFO] Best checkpoint: pr_auc=0.9838
2026-08-15 14:20:38,198 [INFO] PriorCorrection: pi_train=0.1000 pi_target=0.1143 shift=0.1497
2026-08-15 14:20:38,198 [INFO]   prior_correction log-loss: 0.10710
2026-08-15 14:20:38,207 [INFO] Platt scaling: a=0.8593 b=-2.8797
2026-08-15 14:20:38,208 [INFO]   platt log-loss: 0.03539
2026-08-15 14:20:38,406 [INFO] Isotonic calibration: 20 knots, range [0.0000, 1.0000]
2026-08-15 14:20:38,407 [INFO]   isotonic log-loss: 0.03478
2026-08-15 14:20:38,407 [INFO] Selected calibrator: isotonic (log-loss=0.03478)
2026-08-15 14:20:44,334 [INFO] Test Metrics (calibrated, threshold=0.5):
2026-08-15 14:20:44,334 [INFO]   threshold: 0.5000
2026-08-15 14:20:44,334 [INFO]   f1: 0.9731
2026-08-15 14:20:44,334 [INFO]   precision: 0.9983
2026-08-15 14:20:44,334 [INFO]   recall: 0.9490
2026-08-15 14:20:44,334 [INFO]   pr_auc: 0.9980
2026-08-15 14:20:44,334 [INFO]   best_f1_sweep: 0.9790
2026-08-15 14:20:44,334 [INFO]   best_threshold_sweep: 0.8252
2026-08-15 14:20:44,334 [INFO]   calibrator: isotonic
2026-08-15 14:20:44,334 [INFO]   val_threshold_raw: 0.9717
2026-08-15 14:20:52,018 [INFO] Saved 17498 val samples to artifacts/article_1/runs/oracle_isattack/val_samples.json
2026-08-15 14:20:52,018 [INFO] Saved 17498 val samples to artifacts/article_1/runs/oracle_isattack/val_samples.json
2026-08-15 14:20:59,683 [INFO] Saved 17420 test samples to artifacts/article_1/runs/oracle_isattack/test_samples.json
2026-08-15 14:20:59,683 [INFO] Saved 17420 test samples to artifacts/article_1/runs/oracle_isattack/test_samples.json
