2026-08-17 11:51:33,416 [INFO] Global seed set to 137744799
2026-08-17 11:51:33,416 [INFO] Model type: tcn_2way | Device: cuda
2026-08-17 11:51:34,139 [INFO] Train P (alerted=1): 2114, Train U (alerted=0): 65189
2026-08-17 11:51:34,139 [INFO] Val: 18103, Test: 18000
2026-08-17 11:51:34,140 [INFO] Building model type 'tcn_2way'
2026-08-17 11:51:34,148 [INFO] Model parameters: 817,986
2026-08-17 11:51:34,283 [INFO] Loaded pretrained checkpoint from artifacts/article_1/pretrain/pretrain_epoch29.pt
2026-08-17 11:51:38,997 [INFO] Skipping Stage 1; loaded pretrained weights.
2026-08-17 11:51:38,997 [INFO] == Stage 2: nnPU training (7 epochs, π=0.120) ==
2026-08-17 11:51:38,998 [INFO] Stage-2 trainability: mode=head_last_block | 1 group(s) lrs=['1.00e-04'] | trainable=303,874 params | frozen=514,112 params
2026-08-17 11:54:25,998 [INFO] [nnPU epoch 0] steps=239 loss=0.5449 pr_auc=0.8644 bestF1=0.7547 fn_recall=0.9524 thr=0.336 lr=1.00e-04
2026-08-17 11:57:11,245 [INFO] [nnPU epoch 1] steps=239 loss=0.3334 pr_auc=0.8477 bestF1=0.7496 fn_recall=0.9153 thr=0.557 lr=1.00e-04
2026-08-17 11:59:56,499 [INFO] [nnPU epoch 2] steps=239 loss=0.3094 pr_auc=0.8239 bestF1=0.7446 fn_recall=0.8684 thr=0.789 lr=1.00e-04
2026-08-17 12:02:41,803 [INFO] [nnPU epoch 3] steps=239 loss=0.2966 pr_auc=0.8654 bestF1=0.7878 fn_recall=0.8075 thr=0.868 lr=1.00e-04
2026-08-17 12:05:27,168 [INFO] [nnPU epoch 4] steps=239 loss=0.2864 pr_auc=0.8792 bestF1=0.7946 fn_recall=0.8241 thr=0.802 lr=1.00e-04
2026-08-17 12:08:12,473 [INFO] [nnPU epoch 5] steps=239 loss=0.2801 pr_auc=0.8726 bestF1=0.7837 fn_recall=0.7851 thr=0.791 lr=1.00e-04
2026-08-17 12:10:57,875 [INFO] [nnPU epoch 6] steps=239 loss=0.2751 pr_auc=0.8701 bestF1=0.7742 fn_recall=0.7394 thr=0.764 lr=1.00e-04
2026-08-17 12:10:57,875 [INFO] Best checkpoint: pr_auc=0.8792
2026-08-17 12:11:03,893 [INFO] PriorCorrection: pi_train=0.1000 pi_target=0.1066 shift=0.0714
2026-08-17 12:11:03,893 [INFO]   prior_correction log-loss: 0.18912
2026-08-17 12:11:03,900 [INFO] Platt scaling: a=0.9244 b=-2.0984
2026-08-17 12:11:03,900 [INFO]   platt log-loss: 0.10455
2026-08-17 12:11:04,077 [INFO] Isotonic calibration: 41 knots, range [0.0000, 1.0000]
2026-08-17 12:11:04,078 [INFO]   isotonic log-loss: 0.10382
2026-08-17 12:11:04,078 [INFO] Selected calibrator: isotonic (log-loss=0.10382)
2026-08-17 12:11:10,053 [INFO] Test Metrics (calibrated, threshold=0.5):
2026-08-17 12:11:10,053 [INFO]   threshold: 0.5000
2026-08-17 12:11:10,053 [INFO]   f1: 0.8363
2026-08-17 12:11:10,053 [INFO]   precision: 0.9430
2026-08-17 12:11:10,053 [INFO]   recall: 0.7513
2026-08-17 12:11:10,053 [INFO]   average_precision: 0.9322
2026-08-17 12:11:10,053 [INFO]   pr_auc: 0.9322
2026-08-17 12:11:10,053 [INFO]   selection_policy: validation-selected checkpoint and calibrator; fixed calibrated threshold=0.5
2026-08-17 12:11:10,053 [INFO]   oracle_diagnostics: {'test_best_f1': 0.8500000238418579, 'test_best_threshold': 0.8878313302993774, 'test_precision_at_best_f1': 0.9177089929580688, 'test_recall_at_best_f1': 0.7915956974029541}
2026-08-17 12:11:10,053 [INFO]   calibrator: isotonic
2026-08-17 12:11:10,053 [INFO]   val_threshold_raw: 0.8019
2026-08-17 12:11:17,869 [INFO] Saved 18103 val samples to artifacts/article_1/runs/method_headlast_pu/val_samples.json
2026-08-17 12:11:17,869 [INFO] Saved 18103 val samples to artifacts/article_1/runs/method_headlast_pu/val_samples.json
2026-08-17 12:11:25,648 [INFO] Saved 18000 test samples to artifacts/article_1/runs/method_headlast_pu/test_samples.json
2026-08-17 12:11:25,648 [INFO] Saved 18000 test samples to artifacts/article_1/runs/method_headlast_pu/test_samples.json
