2026-08-26 17:40:53,478 [INFO] Global seed set to 703598092
2026-08-26 17:40:53,479 [INFO] Model type: tcn_2way | Device: cuda
2026-08-26 17:40:54,200 [INFO] Train P (alerted=1): 1590, Train U (alerted=0): 72318
2026-08-26 17:40:54,200 [INFO] Val: 16621, Test: 15296
2026-08-26 17:40:54,201 [INFO] Building model type 'tcn_2way'
2026-08-26 17:40:54,209 [INFO] Model parameters: 817,986
2026-08-26 17:40:54,336 [INFO] Loaded pretrained checkpoint from artifacts/article_1/pretrain_mutation/pretrain_epoch19.pt
2026-08-26 17:40:58,774 [INFO] Skipping Stage 1; loaded pretrained weights.
2026-08-26 17:40:58,774 [INFO] == Stage 2: nnPU training (7 epochs, π=0.120) ==
2026-08-26 17:40:58,774 [INFO] PU prior: pool pi=0.1200 -> unlabeled pi=0.1007 (|P|=1590, |U|=72318); nnPU requires the prior inside U
2026-08-26 17:40:58,775 [INFO] Stage-2 trainability: mode=full | 1 group(s) lrs=['1.00e-04'] | trainable=817,986 params | frozen=0 params
2026-08-26 17:40:59,323 [INFO] Positive exposure [nnPU]: ~61184 positive samples/epoch = 38.48 pass(es) over |P|=1590
2026-08-26 17:48:43,576 [INFO] [nnPU epoch 0] steps=239 loss=0.3936 pr_auc=0.8429 bestF1=0.7674 fn_recall=0.6691 thr=0.370 lr=1.00e-04 defit=39%
2026-08-26 17:56:27,138 [INFO] [nnPU epoch 1] steps=239 loss=0.3189 pr_auc=0.6315 bestF1=0.6130 fn_recall=0.6443 thr=0.291 lr=1.00e-04 defit=49%
2026-08-26 18:04:10,729 [INFO] [nnPU epoch 2] steps=239 loss=0.3075 pr_auc=0.6806 bestF1=0.6392 fn_recall=0.6443 thr=0.344 lr=1.00e-04 defit=48%
2026-08-26 18:11:54,091 [INFO] [nnPU epoch 3] steps=239 loss=0.3001 pr_auc=0.4740 bestF1=0.5876 fn_recall=0.6516 thr=0.265 lr=1.00e-04 defit=49%
2026-08-26 18:19:37,509 [INFO] [nnPU epoch 4] steps=239 loss=0.3004 pr_auc=0.6764 bestF1=0.6456 fn_recall=0.6560 thr=0.392 lr=1.00e-04 defit=48%
2026-08-26 18:27:20,865 [INFO] [nnPU epoch 5] steps=239 loss=0.2960 pr_auc=0.4964 bestF1=0.5402 fn_recall=0.4942 thr=0.345 lr=1.00e-04 defit=50%
2026-08-26 18:35:04,212 [INFO] [nnPU epoch 6] steps=239 loss=0.2926 pr_auc=0.3175 bestF1=0.4005 fn_recall=0.3950 thr=0.301 lr=1.00e-04 defit=49%
2026-08-26 18:35:04,212 [INFO] Best checkpoint: pr_auc=0.8429
2026-08-26 18:35:09,886 [INFO] PriorCorrection: pi_train=0.1007 pi_target=0.0826 shift=-0.2175
2026-08-26 18:35:09,887 [INFO]   prior_correction log-loss: 0.16341
2026-08-26 18:35:09,895 [INFO] Platt scaling: a=2.9979 b=1.9117
2026-08-26 18:35:09,895 [INFO]   platt log-loss: 0.10355
2026-08-26 18:35:10,071 [INFO] Isotonic calibration: 31 knots, range [0.0000, 1.0000]
2026-08-26 18:35:10,072 [INFO]   isotonic log-loss: 0.10047
2026-08-26 18:35:10,072 [INFO] Selected calibrator: isotonic (log-loss=0.10047)
2026-08-26 18:35:15,270 [INFO] Test Metrics (calibrated, threshold=0.5):
2026-08-26 18:35:15,270 [INFO]   threshold: 0.5000
2026-08-26 18:35:15,270 [INFO]   f1: 0.8085
2026-08-26 18:35:15,270 [INFO]   precision: 0.9606
2026-08-26 18:35:15,270 [INFO]   recall: 0.6980
2026-08-26 18:35:15,270 [INFO]   average_precision: 0.8921
2026-08-26 18:35:15,270 [INFO]   pr_auc: 0.8921
2026-08-26 18:35:15,270 [INFO]   selection_policy: validation-selected checkpoint and calibrator; fixed calibrated threshold=0.5
2026-08-26 18:35:15,270 [INFO]   oracle_diagnostics: {'test_best_f1': 0.8297614455223083, 'test_best_threshold': 0.3575626611709595, 'test_precision_at_best_f1': 0.9226618409156799, 'test_recall_at_best_f1': 0.753857433795929}
2026-08-26 18:35:15,270 [INFO]   calibrator: isotonic
2026-08-26 18:35:15,270 [INFO]   val_threshold_raw: 0.3700
2026-08-26 18:35:22,881 [INFO] Saved 16621 val samples to artifacts/article_1/runs/mutation-set/full_backbone_pu/val_samples.json
2026-08-26 18:35:22,881 [INFO] Saved 16621 val samples to artifacts/article_1/runs/mutation-set/full_backbone_pu/val_samples.json
2026-08-26 18:35:29,968 [INFO] Saved 15296 test samples to artifacts/article_1/runs/mutation-set/full_backbone_pu/test_samples.json
2026-08-26 18:35:29,968 [INFO] Saved 15296 test samples to artifacts/article_1/runs/mutation-set/full_backbone_pu/test_samples.json
