2026-06-27 17:50:22,669 [INFO] Global seed set to 137744799
2026-06-27 17:50:22,669 [INFO] Model type: tcn_2way | Device: cuda
2026-06-27 17:50:23,176 [INFO] Train P (alerted=1): 3609, Train U (alerted=0): 49126
2026-06-27 17:50:23,176 [INFO] Val: 10546, Test: 7033
2026-06-27 17:50:23,177 [INFO] Building model type 'tcn_2way'
2026-06-27 17:50:23,185 [INFO] Model parameters: 817,986
2026-06-27 17:50:23,324 [INFO] Loaded pretrained checkpoint from artifacts/pretrain/epoch29.pt
2026-06-27 17:50:26,433 [INFO] Skipping Stage 1; loaded pretrained weights.
2026-06-27 17:50:26,433 [INFO] == Stage 2: nnPU training (7 epochs, π=0.200) ==
2026-06-27 17:50:26,434 [INFO] Stage-2 trainability: mode=full | 1 group(s) lrs=['1.00e-04'] | trainable=817,986 params | frozen=0 params
2026-06-27 17:50:59,503 [INFO] [nnPU epoch 0] loss=1.4312 pr_auc=0.6538 bestF1=0.5889 fn_recall=0.6845 thr=0.384 lr=1.00e-04
2026-06-27 17:51:31,429 [INFO] [nnPU epoch 1] loss=0.9549 pr_auc=0.6653 bestF1=0.6444 fn_recall=0.6304 thr=0.342 lr=1.00e-04
2026-06-27 17:52:03,270 [INFO] [nnPU epoch 2] loss=0.7478 pr_auc=0.6596 bestF1=0.6631 fn_recall=0.9330 thr=0.139 lr=1.00e-04
2026-06-27 17:52:35,025 [INFO] [nnPU epoch 3] loss=0.5350 pr_auc=0.6532 bestF1=0.6664 fn_recall=0.9327 thr=0.084 lr=1.00e-04
2026-06-27 17:53:06,888 [INFO] [nnPU epoch 4] loss=0.4110 pr_auc=0.6638 bestF1=0.6554 fn_recall=0.8747 thr=0.115 lr=1.00e-04
2026-06-27 17:53:38,677 [INFO] [nnPU epoch 5] loss=0.3793 pr_auc=0.6622 bestF1=0.6532 fn_recall=0.8975 thr=0.115 lr=1.00e-04
2026-06-27 17:54:13,965 [INFO] [nnPU epoch 6] loss=0.3545 pr_auc=0.6710 bestF1=0.6469 fn_recall=0.8919 thr=0.097 lr=1.00e-04
2026-06-27 17:54:13,973 [INFO] Best checkpoint: pr_auc=0.6710
2026-06-27 17:54:16,984 [INFO] PriorCorrection: pi_train=0.1000 pi_target=0.3721 shift=1.6739
2026-06-27 17:54:16,985 [INFO]   prior_correction log-loss: 0.78215
2026-06-27 17:54:16,989 [INFO] Platt scaling: a=0.4364 b=-0.2198
2026-06-27 17:54:16,990 [INFO]   platt log-loss: 0.54787
2026-06-27 17:54:17,083 [INFO] Isotonic calibration: 24 knots, range [0.0661, 0.8732]
2026-06-27 17:54:17,084 [INFO]   isotonic log-loss: 0.52333
2026-06-27 17:54:17,084 [INFO] Selected calibrator: isotonic (log-loss=0.52333)
2026-06-27 17:54:19,083 [INFO] Test Metrics (calibrated, threshold=0.5):
2026-06-27 17:54:19,083 [INFO]   threshold: 0.5000
2026-06-27 17:54:19,083 [INFO]   f1: 0.4848
2026-06-27 17:54:19,083 [INFO]   precision: 0.7326
2026-06-27 17:54:19,083 [INFO]   recall: 0.3622
2026-06-27 17:54:19,083 [INFO]   pr_auc: 0.6697
2026-06-27 17:54:19,083 [INFO]   best_f1_sweep: 0.6422
2026-06-27 17:54:19,083 [INFO]   best_threshold_sweep: 0.0956
2026-06-27 17:54:19,083 [INFO]   calibrator: isotonic
2026-06-27 17:54:19,083 [INFO]   val_threshold_raw: 0.0973
2026-06-27 17:54:23,066 [INFO] Saved 10546 val samples to artifacts/runs/phase3_trainability/full_pi020_ep7/val_samples.json
2026-06-27 17:54:23,066 [INFO] Saved 10546 val samples to artifacts/runs/phase3_trainability/full_pi020_ep7/val_samples.json
2026-06-27 17:54:25,743 [INFO] Saved 7033 test samples to artifacts/runs/phase3_trainability/full_pi020_ep7/test_samples.json
2026-06-27 17:54:25,743 [INFO] Saved 7033 test samples to artifacts/runs/phase3_trainability/full_pi020_ep7/test_samples.json
