2026-08-25 13:33:02,027 [INFO] Global seed set to 1547565955
2026-08-25 13:33:02,027 [INFO] Model type: tcn_2way | Device: cuda
2026-08-25 13:33:02,027 [WARNING] No Stage-1 pretraining and no --pretrained checkpoint: the backbone starts from random weights.
2026-08-25 13:33:02,809 [INFO] Train P (alerted=1): 1967, Train U (alerted=0): 70147
2026-08-25 13:33:02,809 [INFO] Val: 16458, Test: 17253
2026-08-25 13:33:02,809 [INFO] Building model type 'tcn_2way'
2026-08-25 13:33:02,818 [INFO] Model parameters: 817,986
2026-08-25 13:33:03,442 [INFO] Pretrain train (all): 72114 records (alerted=1: 1967, is_attack=1: 8756)
2026-08-25 13:33:03,442 [INFO] == Stage 1: contrastive pretraining (0 epochs) ==
2026-08-25 13:33:04,063 [INFO] == Stage 2: nnPU training (7 epochs, π=0.120) ==
2026-08-25 13:33:04,063 [INFO] PU prior: pool pi=0.1200 -> unlabeled pi=0.0953 (|P|=1967, |U|=70147); nnPU requires the prior inside U
2026-08-25 13:33:04,064 [INFO] Stage-2 trainability: mode=full | 1 group(s) lrs=['1.00e-04'] | trainable=817,986 params | frozen=0 params
2026-08-25 13:33:04,064 [INFO] Positive exposure [nnPU]: ~61184 positive samples/epoch = 31.11 pass(es) over |P|=1967
2026-08-25 13:40:57,983 [INFO] [nnPU epoch 0] steps=239 loss=0.9717 pr_auc=0.9406 bestF1=0.8662 fn_recall=0.7949 thr=0.196 lr=1.00e-04 defit=27%
2026-08-25 13:48:48,924 [INFO] [nnPU epoch 1] steps=239 loss=0.6256 pr_auc=0.9696 bestF1=0.9053 fn_recall=0.8951 thr=0.332 lr=1.00e-04 defit=47%
2026-08-25 13:56:39,861 [INFO] [nnPU epoch 2] steps=239 loss=0.5526 pr_auc=0.9668 bestF1=0.8993 fn_recall=0.8689 thr=0.234 lr=1.00e-04 defit=48%
2026-08-25 14:04:30,630 [INFO] [nnPU epoch 3] steps=239 loss=0.5164 pr_auc=0.9659 bestF1=0.8989 fn_recall=0.8346 thr=0.401 lr=1.00e-04 defit=44%
2026-08-25 14:12:21,352 [INFO] [nnPU epoch 4] steps=239 loss=0.4859 pr_auc=0.9439 bestF1=0.8735 fn_recall=0.8312 thr=0.320 lr=1.00e-04 defit=44%
2026-08-25 14:20:12,134 [INFO] [nnPU epoch 5] steps=239 loss=0.4605 pr_auc=0.9394 bestF1=0.8733 fn_recall=0.7929 thr=0.551 lr=1.00e-04 defit=46%
2026-08-25 14:28:02,881 [INFO] [nnPU epoch 6] steps=239 loss=0.4451 pr_auc=0.9179 bestF1=0.8318 fn_recall=0.7687 thr=0.300 lr=1.00e-04 defit=47%
2026-08-25 14:28:02,881 [INFO] Best checkpoint: pr_auc=0.9696
2026-08-25 14:28:08,505 [INFO] PriorCorrection: pi_train=0.0953 pi_target=0.1184 shift=0.2428
2026-08-25 14:28:08,506 [INFO]   prior_correction log-loss: 0.10853
2026-08-25 14:28:08,512 [INFO] Platt scaling: a=2.7359 b=1.4394
2026-08-25 14:28:08,513 [INFO]   platt log-loss: 0.05781
2026-08-25 14:28:08,699 [INFO] Isotonic calibration: 24 knots, range [0.0000, 1.0000]
2026-08-25 14:28:08,700 [INFO]   isotonic log-loss: 0.05655
2026-08-25 14:28:08,700 [INFO] Selected calibrator: isotonic (log-loss=0.05655)
2026-08-25 14:28:14,554 [INFO] Test Metrics (calibrated, threshold=0.5):
2026-08-25 14:28:14,554 [INFO]   threshold: 0.5000
2026-08-25 14:28:14,554 [INFO]   f1: 0.8745
2026-08-25 14:28:14,554 [INFO]   precision: 0.8368
2026-08-25 14:28:14,554 [INFO]   recall: 0.9157
2026-08-25 14:28:14,554 [INFO]   average_precision: 0.9646
2026-08-25 14:28:14,554 [INFO]   pr_auc: 0.9646
2026-08-25 14:28:14,554 [INFO]   selection_policy: validation-selected checkpoint and calibrator; fixed calibrated threshold=0.5
2026-08-25 14:28:14,554 [INFO]   oracle_diagnostics: {'test_best_f1': 0.8878739476203918, 'test_best_threshold': 0.4260392189025879, 'test_precision_at_best_f1': 0.9041860699653625, 'test_recall_at_best_f1': 0.8721399903297424}
2026-08-25 14:28:14,554 [INFO]   calibrator: isotonic
2026-08-25 14:28:14,554 [INFO]   val_threshold_raw: 0.3320
2026-08-25 14:28:22,175 [INFO] Saved 16458 val samples to artifacts/article_1/runs/new-set/scratch_full_pu/val_samples.json
2026-08-25 14:28:22,176 [INFO] Saved 16458 val samples to artifacts/article_1/runs/new-set/scratch_full_pu/val_samples.json
2026-08-25 14:28:30,287 [INFO] Saved 17253 test samples to artifacts/article_1/runs/new-set/scratch_full_pu/test_samples.json
2026-08-25 14:28:30,287 [INFO] Saved 17253 test samples to artifacts/article_1/runs/new-set/scratch_full_pu/test_samples.json
