$ python classifier_creator.py --config artifacts/experiments/baseline_clean_dataset.json 
2026-06-16 10:48:16,349 [INFO] Global seed set to 137744799
2026-06-16 10:48:16,349 [INFO] Model type: tcn_2way | Device: cuda
2026-06-16 10:48:16,855 [INFO] Train P (alerted=1): 3609, Train U (alerted=0): 49126
2026-06-16 10:48:16,855 [INFO] Val: 10546, Test: 7033
2026-06-16 10:48:16,855 [INFO] Building model type 'tcn_2way'
2026-06-16 10:48:17,080 [INFO] Model parameters: 817,986
2026-06-16 10:48:18,009 [INFO] == Stage 1: contrastive pretraining (30 epochs) ==
2026-06-16 10:51:46,365 [INFO] [pretrain epoch 0] loss=7.0140 val_pr_auc=0.5776 bestF1=0.6341 lr=1.00e-04
2026-06-16 10:55:01,763 [INFO] [pretrain epoch 1] loss=5.0250 val_pr_auc=0.4146 bestF1=0.5441 lr=1.00e-04
2026-06-16 10:58:16,999 [INFO] [pretrain epoch 2] loss=4.4398 val_pr_auc=0.4092 bestF1=0.5424 lr=1.00e-04
2026-06-16 11:01:32,095 [INFO] [pretrain epoch 3] loss=4.0719 val_pr_auc=0.4040 bestF1=0.5424 lr=1.00e-04
2026-06-16 11:04:47,453 [INFO] [pretrain epoch 4] loss=3.8343 val_pr_auc=0.4231 bestF1=0.5424 lr=1.00e-04
2026-06-16 11:08:02,727 [INFO] [pretrain epoch 5] loss=3.6338 val_pr_auc=0.4466 bestF1=0.5424 lr=1.00e-04
2026-06-16 11:11:17,934 [INFO] [pretrain epoch 6] loss=3.4906 val_pr_auc=0.4506 bestF1=0.5424 lr=1.00e-04
2026-06-16 11:14:33,033 [INFO] [pretrain epoch 7] loss=3.3854 val_pr_auc=0.4693 bestF1=0.5424 lr=1.00e-04
2026-06-16 11:17:48,472 [INFO] [pretrain epoch 8] loss=3.3123 val_pr_auc=0.4262 bestF1=0.5424 lr=1.00e-04
2026-06-16 11:21:03,669 [INFO] [pretrain epoch 9] loss=3.2424 val_pr_auc=0.4365 bestF1=0.5424 lr=1.00e-04
2026-06-16 11:24:18,922 [INFO] [pretrain epoch 10] loss=3.1966 val_pr_auc=0.4359 bestF1=0.5424 lr=1.00e-04
2026-06-16 11:27:34,149 [INFO] [pretrain epoch 11] loss=3.1525 val_pr_auc=0.4477 bestF1=0.5424 lr=1.00e-04
2026-06-16 11:30:49,622 [INFO] [pretrain epoch 12] loss=3.1139 val_pr_auc=0.4426 bestF1=0.5424 lr=1.00e-04
2026-06-16 11:34:05,102 [INFO] [pretrain epoch 13] loss=3.0837 val_pr_auc=0.4383 bestF1=0.5424 lr=1.00e-04
2026-06-16 11:37:21,283 [INFO] [pretrain epoch 14] loss=3.0502 val_pr_auc=0.4512 bestF1=0.5424 lr=1.00e-04
2026-06-16 11:40:37,130 [INFO] [pretrain epoch 15] loss=3.0231 val_pr_auc=0.4645 bestF1=0.5424 lr=1.00e-04
2026-06-16 11:43:53,118 [INFO] [pretrain epoch 16] loss=2.9952 val_pr_auc=0.4829 bestF1=0.5424 lr=1.00e-04
2026-06-16 11:47:08,734 [INFO] [pretrain epoch 17] loss=2.9758 val_pr_auc=0.4515 bestF1=0.5424 lr=1.00e-04
2026-06-16 11:50:24,646 [INFO] [pretrain epoch 18] loss=2.9484 val_pr_auc=0.4757 bestF1=0.5424 lr=1.00e-04
2026-06-16 11:53:40,573 [INFO] [pretrain epoch 19] loss=2.9281 val_pr_auc=0.4576 bestF1=0.5424 lr=1.00e-04
2026-06-16 11:56:56,823 [INFO] [pretrain epoch 20] loss=2.9101 val_pr_auc=0.4763 bestF1=0.5424 lr=1.00e-04
2026-06-16 12:00:12,762 [INFO] [pretrain epoch 21] loss=2.8875 val_pr_auc=0.4608 bestF1=0.5430 lr=1.00e-04
2026-06-16 12:03:28,839 [INFO] [pretrain epoch 22] loss=2.8740 val_pr_auc=0.4583 bestF1=0.5425 lr=1.00e-04
2026-06-16 12:06:44,826 [INFO] [pretrain epoch 23] loss=2.8579 val_pr_auc=0.4582 bestF1=0.5428 lr=1.00e-04
2026-06-16 12:10:00,724 [INFO] [pretrain epoch 24] loss=2.8455 val_pr_auc=0.4560 bestF1=0.5434 lr=1.00e-04
2026-06-16 12:13:16,098 [INFO] [pretrain epoch 25] loss=2.8288 val_pr_auc=0.4684 bestF1=0.5437 lr=1.00e-04
2026-06-16 12:16:31,569 [INFO] [pretrain epoch 26] loss=2.8169 val_pr_auc=0.4605 bestF1=0.5448 lr=1.00e-04
2026-06-16 12:19:46,977 [INFO] [pretrain epoch 27] loss=2.8076 val_pr_auc=0.4702 bestF1=0.5445 lr=1.00e-04
2026-06-16 12:23:02,380 [INFO] [pretrain epoch 28] loss=2.7931 val_pr_auc=0.4634 bestF1=0.5445 lr=1.00e-04
2026-06-16 12:26:17,735 [INFO] [pretrain epoch 29] loss=2.7815 val_pr_auc=0.4592 bestF1=0.5468 lr=1.00e-04
2026-06-16 12:26:17,744 [INFO] == Stage 2: nnPU training (24 epochs, π=0.200) ==
2026-06-16 12:26:49,390 [INFO] [nnPU epoch 0] loss=1.4672 pr_auc=0.5776 bestF1=0.5903 fn_recall=0.6542 thr=0.403 lr=1.00e-04
2026-06-16 12:27:20,919 [INFO] [nnPU epoch 1] loss=0.9739 pr_auc=0.5784 bestF1=0.6427 fn_recall=0.6521 thr=0.325 lr=1.00e-04
2026-06-16 12:27:52,457 [INFO] [nnPU epoch 2] loss=0.7728 pr_auc=0.6315 bestF1=0.6345 fn_recall=0.6582 thr=0.209 lr=1.00e-04
2026-06-16 12:28:23,964 [INFO] [nnPU epoch 3] loss=0.5688 pr_auc=0.6646 bestF1=0.6289 fn_recall=0.6298 thr=0.116 lr=1.00e-04
2026-06-16 12:28:55,491 [INFO] [nnPU epoch 4] loss=0.4163 pr_auc=0.6678 bestF1=0.6251 fn_recall=0.6416 thr=0.111 lr=1.00e-04
2026-06-16 12:29:27,025 [INFO] [nnPU epoch 5] loss=0.3730 pr_auc=0.6728 bestF1=0.6371 fn_recall=0.6721 thr=0.147 lr=1.00e-04
2026-06-16 12:29:58,555 [INFO] [nnPU epoch 6] loss=0.3667 pr_auc=0.6789 bestF1=0.6609 fn_recall=0.6610 thr=0.243 lr=1.00e-04
2026-06-16 12:30:30,080 [INFO] [nnPU epoch 7] loss=0.3489 pr_auc=0.6828 bestF1=0.6705 fn_recall=0.6712 thr=0.214 lr=1.00e-04
2026-06-16 12:31:01,630 [INFO] [nnPU epoch 8] loss=0.3331 pr_auc=0.6869 bestF1=0.6764 fn_recall=0.6693 thr=0.250 lr=1.00e-04
2026-06-16 12:31:33,152 [INFO] [nnPU epoch 9] loss=0.3238 pr_auc=0.6918 bestF1=0.6754 fn_recall=0.6592 thr=0.373 lr=1.00e-04
2026-06-16 12:32:04,677 [INFO] [nnPU epoch 10] loss=0.3189 pr_auc=0.7029 bestF1=0.6822 fn_recall=0.6684 thr=0.319 lr=1.00e-04
2026-06-16 12:32:36,187 [INFO] [nnPU epoch 11] loss=0.3135 pr_auc=0.7016 bestF1=0.6827 fn_recall=0.6715 thr=0.284 lr=1.00e-04
2026-06-16 12:33:07,713 [INFO] [nnPU epoch 12] loss=0.3116 pr_auc=0.6989 bestF1=0.6784 fn_recall=0.6718 thr=0.368 lr=1.00e-04
2026-06-16 12:33:39,226 [INFO] [nnPU epoch 13] loss=0.3082 pr_auc=0.7069 bestF1=0.6779 fn_recall=0.6610 thr=0.398 lr=1.00e-04
2026-06-16 12:34:10,762 [INFO] [nnPU epoch 14] loss=0.3042 pr_auc=0.7123 bestF1=0.6813 fn_recall=0.6752 thr=0.389 lr=1.00e-04
2026-06-16 12:34:42,307 [INFO] [nnPU epoch 15] loss=0.3025 pr_auc=0.7114 bestF1=0.6803 fn_recall=0.6749 thr=0.405 lr=1.00e-04
2026-06-16 12:35:13,790 [INFO] [nnPU epoch 16] loss=0.3003 pr_auc=0.7132 bestF1=0.6781 fn_recall=0.6635 thr=0.425 lr=1.00e-04
2026-06-16 12:35:45,415 [INFO] [nnPU epoch 17] loss=0.2971 pr_auc=0.7138 bestF1=0.6781 fn_recall=0.6712 thr=0.416 lr=1.00e-04
2026-06-16 12:36:17,035 [INFO] [nnPU epoch 18] loss=0.2966 pr_auc=0.7163 bestF1=0.6791 fn_recall=0.6419 thr=0.497 lr=1.00e-04
2026-06-16 12:36:48,662 [INFO] [nnPU epoch 19] loss=0.2934 pr_auc=0.7149 bestF1=0.6779 fn_recall=0.6490 thr=0.478 lr=1.00e-04
2026-06-16 12:37:20,242 [INFO] [nnPU epoch 20] loss=0.2932 pr_auc=0.7185 bestF1=0.6783 fn_recall=0.6675 thr=0.434 lr=1.00e-04
2026-06-16 12:37:51,924 [INFO] [nnPU epoch 21] loss=0.2925 pr_auc=0.7260 bestF1=0.6818 fn_recall=0.6391 thr=0.504 lr=1.00e-04
2026-06-16 12:38:23,559 [INFO] [nnPU epoch 22] loss=0.2870 pr_auc=0.7205 bestF1=0.6776 fn_recall=0.6397 thr=0.528 lr=1.00e-04
2026-06-16 12:38:55,113 [INFO] [nnPU epoch 23] loss=0.2872 pr_auc=0.7232 bestF1=0.6796 fn_recall=0.6338 thr=0.524 lr=1.00e-04
2026-06-16 12:38:55,113 [INFO] Best checkpoint: pr_auc=0.7260
2026-06-16 12:38:58,858 [INFO] Isotonic calibration: 31 knots, range [0.0000, 1.0000]
2026-06-16 12:39:01,295 [INFO] Test Metrics (calibrated, threshold=0.5):
2026-06-16 12:39:01,295 [INFO]   threshold: 0.5000
2026-06-16 12:39:01,296 [INFO]   f1: 0.6398
2026-06-16 12:39:01,296 [INFO]   precision: 0.7202
2026-06-16 12:39:01,296 [INFO]   recall: 0.5755
2026-06-16 12:39:01,296 [INFO]   pr_auc: 0.7161
2026-06-16 12:39:01,296 [INFO]   best_f1_sweep: 0.6676
2026-06-16 12:39:01,296 [INFO]   best_threshold_sweep: 0.4989
2026-06-16 12:39:01,296 [INFO]   calibrator: isotonic
2026-06-16 12:39:01,296 [INFO]   val_threshold_raw: 0.5043
2026-06-16 12:39:05,957 [INFO] Saved 10546 val samples to artifacts/baseline_clean_dataset/val_samples.json
2026-06-16 12:39:05,958 [INFO] Saved 10546 val samples to artifacts/baseline_clean_dataset/val_samples.json
2026-06-16 12:39:09,222 [INFO] Saved 7033 test samples to artifacts/baseline_clean_dataset/test_samples.json
2026-06-16 12:39:09,222 [INFO] Saved 7033 test samples to artifacts/baseline_clean_dataset/test_samples.json